// Jest Snapshot v1, https://goo.gl/fbAQLP

exports[`cfn matches snapshot 1`] = `
Object {
  "Mappings": Object {
    "AWSCloudFrontPartitionHostedZoneIdMap": Object {
      "aws": Object {
        "zoneId": "Z2FDTNDATAQYW2",
      },
      "aws-cn": Object {
        "zoneId": "Z3RFFRIM2A3IF5",
      },
    },
  },
  "Parameters": Object {
    "AssetParameters6f4beb67d41a54eefea3d3ec649906c393bea95d1405066762a287c6da8349cfArtifactHashF0259955": Object {
      "Description": "Artifact hash for asset \\"6f4beb67d41a54eefea3d3ec649906c393bea95d1405066762a287c6da8349cf\\"",
      "Type": "String",
    },
    "AssetParameters6f4beb67d41a54eefea3d3ec649906c393bea95d1405066762a287c6da8349cfS3Bucket1064929A": Object {
      "Description": "S3 bucket for asset \\"6f4beb67d41a54eefea3d3ec649906c393bea95d1405066762a287c6da8349cf\\"",
      "Type": "String",
    },
    "AssetParameters6f4beb67d41a54eefea3d3ec649906c393bea95d1405066762a287c6da8349cfS3VersionKey243CDB33": Object {
      "Description": "S3 key for asset version \\"6f4beb67d41a54eefea3d3ec649906c393bea95d1405066762a287c6da8349cf\\"",
      "Type": "String",
    },
    "AssetParameters7af6295e521fd55af94332393ceffb3e866aac4dc4956321f7918f21e72199e4ArtifactHash5E28809B": Object {
      "Description": "Artifact hash for asset \\"7af6295e521fd55af94332393ceffb3e866aac4dc4956321f7918f21e72199e4\\"",
      "Type": "String",
    },
    "AssetParameters7af6295e521fd55af94332393ceffb3e866aac4dc4956321f7918f21e72199e4S3Bucket5BEBDCBE": Object {
      "Description": "S3 bucket for asset \\"7af6295e521fd55af94332393ceffb3e866aac4dc4956321f7918f21e72199e4\\"",
      "Type": "String",
    },
    "AssetParameters7af6295e521fd55af94332393ceffb3e866aac4dc4956321f7918f21e72199e4S3VersionKey326451BC": Object {
      "Description": "S3 key for asset version \\"7af6295e521fd55af94332393ceffb3e866aac4dc4956321f7918f21e72199e4\\"",
      "Type": "String",
    },
    "AssetParametersc24b999656e4fe6c609c31bae56a1cf4717a405619c3aa6ba1bc686b8c2c86cfArtifactHash85F58E48": Object {
      "Description": "Artifact hash for asset \\"c24b999656e4fe6c609c31bae56a1cf4717a405619c3aa6ba1bc686b8c2c86cf\\"",
      "Type": "String",
    },
    "AssetParametersc24b999656e4fe6c609c31bae56a1cf4717a405619c3aa6ba1bc686b8c2c86cfS3Bucket55EFA30C": Object {
      "Description": "S3 bucket for asset \\"c24b999656e4fe6c609c31bae56a1cf4717a405619c3aa6ba1bc686b8c2c86cf\\"",
      "Type": "String",
    },
    "AssetParametersc24b999656e4fe6c609c31bae56a1cf4717a405619c3aa6ba1bc686b8c2c86cfS3VersionKey60329B70": Object {
      "Description": "S3 key for asset version \\"c24b999656e4fe6c609c31bae56a1cf4717a405619c3aa6ba1bc686b8c2c86cf\\"",
      "Type": "String",
    },
    "AssetParameterse9882ab123687399f934da0d45effe675ecc8ce13b40cb946f3e1d6141fe8d68ArtifactHashD9A515C3": Object {
      "Description": "Artifact hash for asset \\"e9882ab123687399f934da0d45effe675ecc8ce13b40cb946f3e1d6141fe8d68\\"",
      "Type": "String",
    },
    "AssetParameterse9882ab123687399f934da0d45effe675ecc8ce13b40cb946f3e1d6141fe8d68S3BucketAEADE8C7": Object {
      "Description": "S3 bucket for asset \\"e9882ab123687399f934da0d45effe675ecc8ce13b40cb946f3e1d6141fe8d68\\"",
      "Type": "String",
    },
    "AssetParameterse9882ab123687399f934da0d45effe675ecc8ce13b40cb946f3e1d6141fe8d68S3VersionKeyE415415F": Object {
      "Description": "S3 key for asset version \\"e9882ab123687399f934da0d45effe675ecc8ce13b40cb946f3e1d6141fe8d68\\"",
      "Type": "String",
    },
  },
  "Resources": Object {
    "ApiARecordFA826994": Object {
      "Properties": Object {
        "AliasTarget": Object {
          "DNSName": Object {
            "Fn::GetAtt": Array [
              "CFDistributionE33945B9",
              "DomainName",
            ],
          },
          "HostedZoneId": Object {
            "Fn::FindInMap": Array [
              "AWSCloudFrontPartitionHostedZoneIdMap",
              Object {
                "Ref": "AWS::Partition",
              },
              "zoneId",
            ],
          },
        },
        "HostedZoneId": "Z09770092VPEX62M3LDPL",
        "Name": "time.calebwsutton.com.",
        "Type": "A",
      },
      "Type": "AWS::Route53::RecordSet",
    },
    "Bucket83908E77": Object {
      "DeletionPolicy": "Retain",
      "Properties": Object {
        "PublicAccessBlockConfiguration": Object {
          "BlockPublicAcls": true,
          "BlockPublicPolicy": true,
          "IgnorePublicAcls": true,
          "RestrictPublicBuckets": true,
        },
      },
      "Type": "AWS::S3::Bucket",
      "UpdateReplacePolicy": "Retain",
    },
    "BucketPolicyE9A3008A": Object {
      "Properties": Object {
        "Bucket": Object {
          "Ref": "Bucket83908E77",
        },
        "PolicyDocument": Object {
          "Statement": Array [
            Object {
              "Action": Array [
                "s3:GetObject*",
                "s3:GetBucket*",
                "s3:List*",
              ],
              "Effect": "Allow",
              "Principal": Object {
                "CanonicalUser": Object {
                  "Fn::GetAtt": Array [
                    "OIAE39B2685",
                    "S3CanonicalUserId",
                  ],
                },
              },
              "Resource": Array [
                Object {
                  "Fn::GetAtt": Array [
                    "Bucket83908E77",
                    "Arn",
                  ],
                },
                Object {
                  "Fn::Join": Array [
                    "",
                    Array [
                      Object {
                        "Fn::GetAtt": Array [
                          "Bucket83908E77",
                          "Arn",
                        ],
                      },
                      "/*",
                    ],
                  ],
                },
              ],
            },
            Object {
              "Action": "s3:GetObject",
              "Effect": "Allow",
              "Principal": Object {
                "CanonicalUser": Object {
                  "Fn::GetAtt": Array [
                    "OIAE39B2685",
                    "S3CanonicalUserId",
                  ],
                },
              },
              "Resource": Object {
                "Fn::Join": Array [
                  "",
                  Array [
                    Object {
                      "Fn::GetAtt": Array [
                        "Bucket83908E77",
                        "Arn",
                      ],
                    },
                    "/*",
                  ],
                ],
              },
            },
          ],
          "Version": "2012-10-17",
        },
      },
      "Type": "AWS::S3::BucketPolicy",
    },
    "CFDistributionE33945B9": Object {
      "Properties": Object {
        "DistributionConfig": Object {
          "Aliases": Array [
            "time.calebwsutton.com",
          ],
          "DefaultCacheBehavior": Object {
            "AllowedMethods": Array [
              "GET",
              "HEAD",
            ],
            "CachedMethods": Array [
              "GET",
              "HEAD",
            ],
            "Compress": true,
            "ForwardedValues": Object {
              "Cookies": Object {
                "Forward": "none",
              },
              "QueryString": false,
            },
            "TargetOriginId": "origin1",
            "ViewerProtocolPolicy": "redirect-to-https",
          },
          "DefaultRootObject": "index.html",
          "Enabled": true,
          "HttpVersion": "http2",
          "IPV6Enabled": true,
          "Origins": Array [
            Object {
              "ConnectionAttempts": 3,
              "ConnectionTimeout": 10,
              "DomainName": Object {
                "Fn::GetAtt": Array [
                  "Bucket83908E77",
                  "RegionalDomainName",
                ],
              },
              "Id": "origin1",
              "S3OriginConfig": Object {
                "OriginAccessIdentity": Object {
                  "Fn::Join": Array [
                    "",
                    Array [
                      "origin-access-identity/cloudfront/",
                      Object {
                        "Ref": "OIAE39B2685",
                      },
                    ],
                  ],
                },
              },
            },
          ],
          "PriceClass": "PriceClass_100",
          "ViewerCertificate": Object {
            "AcmCertificateArn": Object {
              "Fn::GetAtt": Array [
                "UiCertificateCertificateRequestorResourceA43A89FC",
                "Arn",
              ],
            },
            "SslSupportMethod": "sni-only",
          },
        },
      },
      "Type": "AWS::CloudFront::Distribution",
    },
    "CustomCDKBucketDeployment8693BB64968944B69AAFB0CC9EB8756C81C01536": Object {
      "DependsOn": Array [
        "CustomCDKBucketDeployment8693BB64968944B69AAFB0CC9EB8756CServiceRoleDefaultPolicy88902FDF",
        "CustomCDKBucketDeployment8693BB64968944B69AAFB0CC9EB8756CServiceRole89A01265",
      ],
      "Properties": Object {
        "Code": Object {
          "S3Bucket": Object {
            "Ref": "AssetParametersc24b999656e4fe6c609c31bae56a1cf4717a405619c3aa6ba1bc686b8c2c86cfS3Bucket55EFA30C",
          },
          "S3Key": Object {
            "Fn::Join": Array [
              "",
              Array [
                Object {
                  "Fn::Select": Array [
                    0,
                    Object {
                      "Fn::Split": Array [
                        "||",
                        Object {
                          "Ref": "AssetParametersc24b999656e4fe6c609c31bae56a1cf4717a405619c3aa6ba1bc686b8c2c86cfS3VersionKey60329B70",
                        },
                      ],
                    },
                  ],
                },
                Object {
                  "Fn::Select": Array [
                    1,
                    Object {
                      "Fn::Split": Array [
                        "||",
                        Object {
                          "Ref": "AssetParametersc24b999656e4fe6c609c31bae56a1cf4717a405619c3aa6ba1bc686b8c2c86cfS3VersionKey60329B70",
                        },
                      ],
                    },
                  ],
                },
              ],
            ],
          },
        },
        "Handler": "index.handler",
        "Layers": Array [
          Object {
            "Ref": "DeploySiteAwsCliLayer88B0EBE2",
          },
        ],
        "Role": Object {
          "Fn::GetAtt": Array [
            "CustomCDKBucketDeployment8693BB64968944B69AAFB0CC9EB8756CServiceRole89A01265",
            "Arn",
          ],
        },
        "Runtime": "python3.6",
        "Timeout": 900,
      },
      "Type": "AWS::Lambda::Function",
    },
    "CustomCDKBucketDeployment8693BB64968944B69AAFB0CC9EB8756CServiceRole89A01265": Object {
      "Properties": Object {
        "AssumeRolePolicyDocument": Object {
          "Statement": Array [
            Object {
              "Action": "sts:AssumeRole",
              "Effect": "Allow",
              "Principal": Object {
                "Service": "lambda.amazonaws.com",
              },
            },
          ],
          "Version": "2012-10-17",
        },
        "ManagedPolicyArns": Array [
          Object {
            "Fn::Join": Array [
              "",
              Array [
                "arn:",
                Object {
                  "Ref": "AWS::Partition",
                },
                ":iam::aws:policy/service-role/AWSLambdaBasicExecutionRole",
              ],
            ],
          },
        ],
      },
      "Type": "AWS::IAM::Role",
    },
    "CustomCDKBucketDeployment8693BB64968944B69AAFB0CC9EB8756CServiceRoleDefaultPolicy88902FDF": Object {
      "Properties": Object {
        "PolicyDocument": Object {
          "Statement": Array [
            Object {
              "Action": Array [
                "s3:GetObject*",
                "s3:GetBucket*",
                "s3:List*",
              ],
              "Effect": "Allow",
              "Resource": Array [
                Object {
                  "Fn::Join": Array [
                    "",
                    Array [
                      "arn:",
                      Object {
                        "Ref": "AWS::Partition",
                      },
                      ":s3:::",
                      Object {
                        "Ref": "AssetParameters6f4beb67d41a54eefea3d3ec649906c393bea95d1405066762a287c6da8349cfS3Bucket1064929A",
                      },
                    ],
                  ],
                },
                Object {
                  "Fn::Join": Array [
                    "",
                    Array [
                      "arn:",
                      Object {
                        "Ref": "AWS::Partition",
                      },
                      ":s3:::",
                      Object {
                        "Ref": "AssetParameters6f4beb67d41a54eefea3d3ec649906c393bea95d1405066762a287c6da8349cfS3Bucket1064929A",
                      },
                      "/*",
                    ],
                  ],
                },
              ],
            },
            Object {
              "Action": Array [
                "s3:GetObject*",
                "s3:GetBucket*",
                "s3:List*",
                "s3:DeleteObject*",
                "s3:PutObject*",
                "s3:Abort*",
              ],
              "Effect": "Allow",
              "Resource": Array [
                Object {
                  "Fn::GetAtt": Array [
                    "Bucket83908E77",
                    "Arn",
                  ],
                },
                Object {
                  "Fn::Join": Array [
                    "",
                    Array [
                      Object {
                        "Fn::GetAtt": Array [
                          "Bucket83908E77",
                          "Arn",
                        ],
                      },
                      "/*",
                    ],
                  ],
                },
              ],
            },
          ],
          "Version": "2012-10-17",
        },
        "PolicyName": "CustomCDKBucketDeployment8693BB64968944B69AAFB0CC9EB8756CServiceRoleDefaultPolicy88902FDF",
        "Roles": Array [
          Object {
            "Ref": "CustomCDKBucketDeployment8693BB64968944B69AAFB0CC9EB8756CServiceRole89A01265",
          },
        ],
      },
      "Type": "AWS::IAM::Policy",
    },
    "DeploySiteAwsCliLayer88B0EBE2": Object {
      "Properties": Object {
        "Content": Object {
          "S3Bucket": Object {
            "Ref": "AssetParameterse9882ab123687399f934da0d45effe675ecc8ce13b40cb946f3e1d6141fe8d68S3BucketAEADE8C7",
          },
          "S3Key": Object {
            "Fn::Join": Array [
              "",
              Array [
                Object {
                  "Fn::Select": Array [
                    0,
                    Object {
                      "Fn::Split": Array [
                        "||",
                        Object {
                          "Ref": "AssetParameterse9882ab123687399f934da0d45effe675ecc8ce13b40cb946f3e1d6141fe8d68S3VersionKeyE415415F",
                        },
                      ],
                    },
                  ],
                },
                Object {
                  "Fn::Select": Array [
                    1,
                    Object {
                      "Fn::Split": Array [
                        "||",
                        Object {
                          "Ref": "AssetParameterse9882ab123687399f934da0d45effe675ecc8ce13b40cb946f3e1d6141fe8d68S3VersionKeyE415415F",
                        },
                      ],
                    },
                  ],
                },
              ],
            ],
          },
        },
        "Description": "/opt/awscli/aws",
      },
      "Type": "AWS::Lambda::LayerVersion",
    },
    "DeploySiteCustomResourceE47C9748": Object {
      "DeletionPolicy": "Delete",
      "Properties": Object {
        "DestinationBucketName": Object {
          "Ref": "Bucket83908E77",
        },
        "Prune": true,
        "ServiceToken": Object {
          "Fn::GetAtt": Array [
            "CustomCDKBucketDeployment8693BB64968944B69AAFB0CC9EB8756C81C01536",
            "Arn",
          ],
        },
        "SourceBucketNames": Array [
          Object {
            "Ref": "AssetParameters6f4beb67d41a54eefea3d3ec649906c393bea95d1405066762a287c6da8349cfS3Bucket1064929A",
          },
        ],
        "SourceObjectKeys": Array [
          Object {
            "Fn::Join": Array [
              "",
              Array [
                Object {
                  "Fn::Select": Array [
                    0,
                    Object {
                      "Fn::Split": Array [
                        "||",
                        Object {
                          "Ref": "AssetParameters6f4beb67d41a54eefea3d3ec649906c393bea95d1405066762a287c6da8349cfS3VersionKey243CDB33",
                        },
                      ],
                    },
                  ],
                },
                Object {
                  "Fn::Select": Array [
                    1,
                    Object {
                      "Fn::Split": Array [
                        "||",
                        Object {
                          "Ref": "AssetParameters6f4beb67d41a54eefea3d3ec649906c393bea95d1405066762a287c6da8349cfS3VersionKey243CDB33",
                        },
                      ],
                    },
                  ],
                },
              ],
            ],
          },
        ],
      },
      "Type": "Custom::CDKBucketDeployment",
      "UpdateReplacePolicy": "Delete",
    },
    "OIAE39B2685": Object {
      "Properties": Object {
        "CloudFrontOriginAccessIdentityConfig": Object {
          "Comment": "Allows CloudFront to reach the bucket",
        },
      },
      "Type": "AWS::CloudFront::CloudFrontOriginAccessIdentity",
    },
    "UiCertificateCertificateRequestorFunctionE3E3F6FA": Object {
      "DependsOn": Array [
        "UiCertificateCertificateRequestorFunctionServiceRoleDefaultPolicy674D7772",
        "UiCertificateCertificateRequestorFunctionServiceRole69207D25",
      ],
      "Properties": Object {
        "Code": Object {
          "S3Bucket": Object {
            "Ref": "AssetParameters7af6295e521fd55af94332393ceffb3e866aac4dc4956321f7918f21e72199e4S3Bucket5BEBDCBE",
          },
          "S3Key": Object {
            "Fn::Join": Array [
              "",
              Array [
                Object {
                  "Fn::Select": Array [
                    0,
                    Object {
                      "Fn::Split": Array [
                        "||",
                        Object {
                          "Ref": "AssetParameters7af6295e521fd55af94332393ceffb3e866aac4dc4956321f7918f21e72199e4S3VersionKey326451BC",
                        },
                      ],
                    },
                  ],
                },
                Object {
                  "Fn::Select": Array [
                    1,
                    Object {
                      "Fn::Split": Array [
                        "||",
                        Object {
                          "Ref": "AssetParameters7af6295e521fd55af94332393ceffb3e866aac4dc4956321f7918f21e72199e4S3VersionKey326451BC",
                        },
                      ],
                    },
                  ],
                },
              ],
            ],
          },
        },
        "Handler": "index.certificateRequestHandler",
        "Role": Object {
          "Fn::GetAtt": Array [
            "UiCertificateCertificateRequestorFunctionServiceRole69207D25",
            "Arn",
          ],
        },
        "Runtime": "nodejs14.x",
        "Timeout": 900,
      },
      "Type": "AWS::Lambda::Function",
    },
    "UiCertificateCertificateRequestorFunctionServiceRole69207D25": Object {
      "Properties": Object {
        "AssumeRolePolicyDocument": Object {
          "Statement": Array [
            Object {
              "Action": "sts:AssumeRole",
              "Effect": "Allow",
              "Principal": Object {
                "Service": "lambda.amazonaws.com",
              },
            },
          ],
          "Version": "2012-10-17",
        },
        "ManagedPolicyArns": Array [
          Object {
            "Fn::Join": Array [
              "",
              Array [
                "arn:",
                Object {
                  "Ref": "AWS::Partition",
                },
                ":iam::aws:policy/service-role/AWSLambdaBasicExecutionRole",
              ],
            ],
          },
        ],
      },
      "Type": "AWS::IAM::Role",
    },
    "UiCertificateCertificateRequestorFunctionServiceRoleDefaultPolicy674D7772": Object {
      "Properties": Object {
        "PolicyDocument": Object {
          "Statement": Array [
            Object {
              "Action": Array [
                "acm:RequestCertificate",
                "acm:DescribeCertificate",
                "acm:DeleteCertificate",
                "acm:AddTagsToCertificate",
              ],
              "Effect": "Allow",
              "Resource": "*",
            },
            Object {
              "Action": "route53:GetChange",
              "Effect": "Allow",
              "Resource": "*",
            },
            Object {
              "Action": "route53:changeResourceRecordSets",
              "Effect": "Allow",
              "Resource": Object {
                "Fn::Join": Array [
                  "",
                  Array [
                    "arn:",
                    Object {
                      "Ref": "AWS::Partition",
                    },
                    ":route53:::hostedzone/Z09770092VPEX62M3LDPL",
                  ],
                ],
              },
            },
          ],
          "Version": "2012-10-17",
        },
        "PolicyName": "UiCertificateCertificateRequestorFunctionServiceRoleDefaultPolicy674D7772",
        "Roles": Array [
          Object {
            "Ref": "UiCertificateCertificateRequestorFunctionServiceRole69207D25",
          },
        ],
      },
      "Type": "AWS::IAM::Policy",
    },
    "UiCertificateCertificateRequestorResourceA43A89FC": Object {
      "DeletionPolicy": "Delete",
      "Properties": Object {
        "DomainName": "time.calebwsutton.com",
        "HostedZoneId": "Z09770092VPEX62M3LDPL",
        "ServiceToken": Object {
          "Fn::GetAtt": Array [
            "UiCertificateCertificateRequestorFunctionE3E3F6FA",
            "Arn",
          ],
        },
      },
      "Type": "AWS::CloudFormation::CustomResource",
      "UpdateReplacePolicy": "Delete",
    },
  },
}
`;
